anyio==4.15.1
certifi==2026.7.22
charset-normalizer==3.5.2
click==8.5.0
colorama==0.4.6
contourpy==1.4.0
cycler==0.12.1
filelock==4.0.12
fonttools==4.66.1
fsspec==2026.9.0
h11==0.16.0
hf-xet==1.6.0
httpcore==1.0.9
httpx==0.28.1
huggingface_hub==1.33.0
idna==3.20
iniconfig==2.3.0
Jinja2==3.1.6
kiwisolver==1.5.1
MarkupSafe==3.0.4
matplotlib==3.10.8
networkx==3.6.1
numpy==2.2.5
packaging==26.3
pandas==2.3.3
pillow==12.3.0
pluggy==1.6.0
Pygments==2.21.0
pyparsing==3.3.3
pytest==9.0.2
python-dateutil==2.9.0.post0
pytz==2026.5
PyYAML==6.0.3
reportlab==4.4.10
requests==2.32.5
scipy==1.15.3
six==1.17.0
tokenizers==0.23.2
tqdm==4.70.1
typing_extensions==4.16.0
tzdata==2026.5
urllib3==2.8.0

